[edge-sample17.firstmall.kr/index.html]
[backblue.gif]
[fade.gif]
[index.html]
[edge-sample17.firstmall.kr/main/index.html]
[edge-sample17.firstmall.kr/index.html]
[edge-sample17.firstmall.kr/data/icon/favicon/favicon1497244551.ico]
[edge-sample17.firstmall.kr/app/javascript/jquery/jquery.min.js]
[edge-sample17.firstmall.kr/app/javascript/jquery/jquery-ui.min.js]
[edge-sample17.firstmall.kr/app/javascript/plugin/jquery.poshytip.min.js]
[edge-sample17.firstmall.kr/app/javascript/plugin/jquery.activity-indicator-1.0.0.min.js]
[edge-sample17.firstmall.kr/app/javascript/plugin/jquery.cookie.js]
[edge-sample17.firstmall.kr/app/javascript/plugin/jquery.slides.min.js]
[edge-sample17.firstmall.kr/app/javascript/plugin/jquery.bxslider.js]
[edge-sample17.firstmall.kr/app/javascript/plugin/jquery.placeholder.js]
[edge-sample17.firstmall.kr/app/javascript/plugin/custom-select-box.js]
[edge-sample17.firstmall.kr/app/javascript/plugin/jquery.sprintf.js]
[edge-sample17.firstmall.kr/data/js/language/L10n_KRf046.js]
[edge-sample17.firstmall.kr/app/javascript/js/commonf046.js]
[edge-sample17.firstmall.kr/app/javascript/js/front-layoutf046.js]
[edge-sample17.firstmall.kr/app/javascript/js/base64.js]
[edge-sample17.firstmall.kr/app/javascript/js/goods-displayf046.js]
[edge-sample17.firstmall.kr/app/javascript/js/board-displayf046.js]
[edge-sample17.firstmall.kr/data/skin/fruit_puro_gls/common/script.js]
[edge-sample17.firstmall.kr/data/popup/popup_15175443554866.jpg]
[edge-sample17.firstmall.kr/data/icon/common/etc/band_btn_close.gif]
[edge-sample17.firstmall.kr/data/icon/common/etc/band_btn_open.gif]
[edge-sample17.firstmall.kr/member/login.html]
[edge-sample17.firstmall.kr/member/agreement.html]
[edge-sample17.firstmall.kr/order/cart.html]
[edge-sample17.firstmall.kr/mypage/order_catalog]
[edge-sample17.firstmall.kr/member/login0c75.html]
[edge-sample17.firstmall.kr/mypage/index.html]
[edge-sample17.firstmall.kr/service/cs.html]
[edge-sample17.firstmall.kr/data/skin/fruit_puro_gls/images/design/star_icon.png]
[edge-sample17.firstmall.kr/data/skin/fruit_puro_gls/images/design/zoom.gif]
[edge-sample17.firstmall.kr/data/skin/fruit_puro_gls/images/design/logo.jpg]
[edge-sample17.firstmall.kr/data/skin/fruit_puro_gls/images/design/event_banner.jpg]
[edge-sample17.firstmall.kr/data/skin/fruit_puro_gls/images/common/ico_category2.png]
[edge-sample17.firstmall.kr/goods/catalog762d.html]
[edge-sample17.firstmall.kr/goods/catalog1741.html]
[edge-sample17.firstmall.kr/goods/cataloge7ff.html]
[edge-sample17.firstmall.kr/goods/catalog2e0a.html]
[edge-sample17.firstmall.kr/goods/catalog0f19.html]
[edge-sample17.firstmall.kr/goods/catalog6f78.html]
[edge-sample17.firstmall.kr/goods/catalog40e0.html]
[edge-sample17.firstmall.kr/goods/catalog3b70.html]
[edge-sample17.firstmall.kr/goods/catalogbda2.html]
[edge-sample17.firstmall.kr/goods/cataloga601.html]
[edge-sample17.firstmall.kr/goods/catalog0c73.html]
[edge-sample17.firstmall.kr/goods/catalog617e.html]
[edge-sample17.firstmall.kr/goods/catalog6b66.html]
[edge-sample17.firstmall.kr/goods/catalog3789.html]
[edge-sample17.firstmall.kr/goods/catalog62c2.html]
[edge-sample17.firstmall.kr/goods/catalog55bc.html]
[edge-sample17.firstmall.kr/goods/catalog0187.html]
[edge-sample17.firstmall.kr/goods/catalog483b.html]
[edge-sample17.firstmall.kr/goods/catalog2013.html]
[edge-sample17.firstmall.kr/data/skin/fruit_puro_gls/images/common/right_quick_close.png]
[edge-sample17.firstmall.kr/data/skin/fruit_puro_gls/images/common/right_quick_open.png]
[edge-sample17.firstmall.kr/data/skin/fruit_puro_gls/images/design/r_icon01.gif]
[edge-sample17.firstmall.kr/data/skin/fruit_puro_gls/images/design/r_icon02.gif]
[edge-sample17.firstmall.kr/data/skin/fruit_puro_gls/images/design/r_icon03.gif]
[edge-sample17.firstmall.kr/data/skin/fruit_puro_gls/images/design/r_icon04.gif]
[edge-sample17.firstmall.kr/board/indexd8b6.html]
[edge-sample17.firstmall.kr/data/skin/fruit_puro_gls/images/design/r_icon05.gif]
[edge-sample17.firstmall.kr/data/skin/fruit_puro_gls/images/design/r_icon06.gif]
[edge-sample17.firstmall.kr/data/skin/fruit_puro_gls/images/common/right_quick_menu_left_icon.png]
[edge-sample17.firstmall.kr/data/skin/fruit_puro_gls/images/common/right_quick_menu_right_icon.png]
[edge-sample17.firstmall.kr/app/javascript/jquery/jquery.ui.touch-punch.min.js]
[edge-sample17.firstmall.kr/app/javascript/plugin/anibanner/jquery.anibanner7687.js]
[edge-sample17.firstmall.kr/data/skin/fruit_puro_gls/images/banner/2/images_1.jpg]
[edge-sample17.firstmall.kr/data/skin/fruit_puro_gls/images/common/right_quick_top2.png]
[edge-sample17.firstmall.kr/data/skin/fruit_puro_gls/images/common/right_quick_bottom2.png]
[edge-sample17.firstmall.kr/data/skin/fruit_puro_gls/images/banner/1/images_1.jpg]
[edge-sample17.firstmall.kr/data/goods/1/2017/08/13_tmp_ef5414e0088b2320ea30bcabc00c5bfd9882list1.jpg]
[edge-sample17.firstmall.kr/data/skin/fruit_puro_gls/images/common/noimage.gif]
[edge-sample17.firstmall.kr/goods/view3a80.html]
[edge-sample17.firstmall.kr/data/goods/1/2017/08/18_tmp_e5c9cc9cf478cbe8c4d67a73847559984747list1.jpg]
[edge-sample17.firstmall.kr/goods/viewa74b.html]
[edge-sample17.firstmall.kr/data/goods/1/2017/08/2_tmp_e73b8dea5ff0ba071a6851d8aab092428905list1.jpg]
[edge-sample17.firstmall.kr/goods/view96e3.html]
[edge-sample17.firstmall.kr/data/goods/1/2017/08/11_tmp_437fa530102fcf14b61031a02736efb55533list1.jpg]
[edge-sample17.firstmall.kr/goods/view775e.html]
[edge-sample17.firstmall.kr/data/goods/1/2017/08/17_tmp_29df9950c8545e4e73d159db8b252b951874list1.jpg]
[edge-sample17.firstmall.kr/goods/viewb229.html]
[edge-sample17.firstmall.kr/data/goods/1/2017/08/16_tmp_757d014706b9fea707b29c0b4d7295757768list1.jpg]
[edge-sample17.firstmall.kr/goods/view46cb.html]
[edge-sample17.firstmall.kr/data/goods/1/2017/08/20_tmp_a3492287d73f5a121c6954ec90b714019606list1.jpg]
[edge-sample17.firstmall.kr/goods/viewa250.html]
[edge-sample17.firstmall.kr/data/goods/1/2017/08/8_tmp_94f727b399dd91e702a1b280aab4f0b32138list1.jpg]
[edge-sample17.firstmall.kr/goods/view0d87.html]
[edge-sample17.firstmall.kr/data/goods/1/2017/08/19_tmp_fc3fa11777d9d186d9887189013251291824list1.jpg]
[edge-sample17.firstmall.kr/goods/viewc040.html]
[edge-sample17.firstmall.kr/data/goods/1/2017/08/12_tmp_faf2c9f1b8e89e5637034838aea5bc084576list1.jpg]
[edge-sample17.firstmall.kr/goods/view3ecc.html]
[edge-sample17.firstmall.kr/data/skin/fruit_puro_gls/images/design/banner01.png]
[edge-sample17.firstmall.kr/data/goods/1/2017/08/16_tmp_757d014706b9fea707b29c0b4d7295757768large.jpg]
[edge-sample17.firstmall.kr/data/goods/1/2017/08/11_tmp_437fa530102fcf14b61031a02736efb55533large.jpg]
[edge-sample17.firstmall.kr/data/goods/1/2017/08/12_tmp_faf2c9f1b8e89e5637034838aea5bc084576large.jpg]
[edge-sample17.firstmall.kr/data/goods/1/2017/08/20_tmp_a3492287d73f5a121c6954ec90b714019606large.jpg]
[edge-sample17.firstmall.kr/data/icon/goodsdisplay/preview/thumb_newwin.png]
[edge-sample17.firstmall.kr/data/icon/goodsdisplay/preview/thumb_quickview.png]
[edge-sample17.firstmall.kr/data/icon/goodsdisplay/preview/thumb_option.png]
[edge-sample17.firstmall.kr/data/icon/goodsdisplay/preview/thumb_send.png]
[edge-sample17.firstmall.kr/data/icon/goodsdisplay/preview/thumb_zzim_off.png]
[edge-sample17.firstmall.kr/data/icon/goodsdisplay/preview/thumb_zzim_on.png]
[edge-sample17.firstmall.kr/data/icon/goodsdisplay/preview/icon_pageview.png]
[edge-sample17.firstmall.kr/data/icon/goodsdisplay/preview/icon_zzim_off.png]
[edge-sample17.firstmall.kr/data/goods/1/2017/08/19_tmp_fc3fa11777d9d186d9887189013251291824large.jpg]
[edge-sample17.firstmall.kr/data/goods/1/2017/08/18_tmp_e5c9cc9cf478cbe8c4d67a73847559984747large.jpg]
[edge-sample17.firstmall.kr/data/goods/1/2017/08/8_tmp_94f727b399dd91e702a1b280aab4f0b32138large.jpg]
[edge-sample17.firstmall.kr/data/goods/1/2017/08/15_tmp_720f8b9ebc71d446c712112164175c830445large.jpg]
[edge-sample17.firstmall.kr/goods/view4ed1.html]
[edge-sample17.firstmall.kr/data/goods/1/2017/08/10_tmp_e930b340a524b1b763d9993d0d6bada81395large.jpg]
[edge-sample17.firstmall.kr/goods/view0b76.html]
[edge-sample17.firstmall.kr/data/goods/1/2017/08/9_tmp_26b0fd8c14ceaaa9eaf46a4650c6c6705074large.jpg]
[edge-sample17.firstmall.kr/goods/view29ff.html]
[edge-sample17.firstmall.kr/data/goods/1/2017/08/5_tmp_8c0117c433831a113d5bdae2d2ada31f2407large.jpg]
[edge-sample17.firstmall.kr/goods/viewd748.html]
[edge-sample17.firstmall.kr/data/skin/fruit_puro_gls/images/design/fruits_bg.jpg]
[edge-sample17.firstmall.kr/main/index-2.html]
[edge-sample17.firstmall.kr/data/skin/fruit_puro_gls/images/design/banner_txt.png]
[edge-sample17.firstmall.kr/data/skin/fruit_puro_gls/images/design/banner02.png]
[edge-sample17.firstmall.kr/service/company.html]
[edge-sample17.firstmall.kr/service/agreement.html]
[edge-sample17.firstmall.kr/service/privacy.html]
[edge-sample17.firstmall.kr/service/guide.html]
[edge-sample17.firstmall.kr/service/partnership.html]
[edge-sample17.firstmall.kr/data/skin/fruit_puro_gls/images/design/ico_facebook.png]
[edge-sample17.firstmall.kr/data/skin/fruit_puro_gls/images/design/ico_twitter.png]
[edge-sample17.firstmall.kr/data/skin/fruit_puro_gls/images/design/ico_instagram.png]
[edge-sample17.firstmall.kr/data/skin/fruit_puro_gls/images/design/ico_naverblog.png]
[edge-sample17.firstmall.kr/data/skin/fruit_puro_gls/images/design/ico_kakaostory.png]
[edge-sample17.firstmall.kr/data/skin/fruit_puro_gls/images/design/cs_i01.png]
[edge-sample17.firstmall.kr/board/indexffe2.html]
[edge-sample17.firstmall.kr/data/skin/fruit_puro_gls/images/design/cs_i02.png]
[edge-sample17.firstmall.kr/data/skin/fruit_puro_gls/images/design/cs_i03.png]
[edge-sample17.firstmall.kr/data/skin/fruit_puro_gls/images/design/cs_i04.png]
[edge-sample17.firstmall.kr/data/skin/fruit_puro_gls/images/design/cs_i05.png]
[edge-sample17.firstmall.kr/board/indexff36.html]
[edge-sample17.firstmall.kr/data/skin/fruit_puro_gls/images/design/cs_i06.png]
[edge-sample17.firstmall.kr/data/skin/fruit_puro_gls/images/design/logo.png]
[edge-sample17.firstmall.kr/data/icon/escrow_mark/kcp.png]
[edge-sample17.firstmall.kr/main/blank.html]
[edge-sample17.firstmall.kr/main/index.html]
[edge-sample17.firstmall.kr/data/font/font.css]
[edge-sample17.firstmall.kr/data/skin/fruit_puro_gls/css/style.css]
[edge-sample17.firstmall.kr/data/icon/favicon/favicon1497244551.html]
[edge-sample17.firstmall.kr/data/js/language/L10n_KR9b11.js]
[edge-sample17.firstmall.kr/app/javascript/js/common9b11.js]
[edge-sample17.firstmall.kr/app/javascript/js/front-layout9b11.js]
[edge-sample17.firstmall.kr/app/javascript/js/goods-display9b11.js]
[edge-sample17.firstmall.kr/app/javascript/js/board-display9b11.js]
[edge-sample17.firstmall.kr/app/javascript/js/facebook0dfd.js]
[edge-sample17.firstmall.kr/member/find.html]
[edge-sample17.firstmall.kr/data/skin/fruit_puro_gls/images/sns/sns_bt_instagram.gif]
[edge-sample17.firstmall.kr/mypage/myinfo.html]
[edge-sample17.firstmall.kr/sns_process/snsredirecturl2a19.html]
[edge-sample17.firstmall.kr/member/login.html]
[edge-sample17.firstmall.kr/data/skin/fruit_puro_gls/images/common/join_img_benefit.png]
[edge-sample17.firstmall.kr/member/agreement.html]
[edge-sample17.firstmall.kr/admin/skin/default/images/common/icon/nation/KOREA.png]
[edge-sample17.firstmall.kr/admin/skin/default/images/common/icon/nation/GHANA.png]
[edge-sample17.firstmall.kr/admin/skin/default/images/common/icon/nation/GABON.png]
[edge-sample17.firstmall.kr/admin/skin/default/images/common/icon/nation/GUYANA.png]
[edge-sample17.firstmall.kr/admin/skin/default/images/common/icon/nation/GAMBIA.png]
[edge-sample17.firstmall.kr/admin/skin/default/images/common/icon/nation/GUADELOUPE.png]
[edge-sample17.firstmall.kr/admin/skin/default/images/common/icon/nation/GUATEMALA.png]
[edge-sample17.firstmall.kr/admin/skin/default/images/common/icon/nation/GUAM.png]
[edge-sample17.firstmall.kr/admin/skin/default/images/common/icon/nation/GRENADA.png]
[edge-sample17.firstmall.kr/admin/skin/default/images/common/icon/nation/GEORGIA.png]
[edge-sample17.firstmall.kr/admin/skin/default/images/common/icon/nation/GREECE.png]
[edge-sample17.firstmall.kr/admin/skin/default/images/common/icon/nation/GREENLAND.png]
[edge-sample17.firstmall.kr/admin/skin/default/images/common/icon/nation/GUINEA.png]
[edge-sample17.firstmall.kr/admin/skin/default/images/common/icon/nation/GUINEA-BISSAU.png]
[edge-sample17.firstmall.kr/admin/skin/default/images/common/icon/nation/GUIANA.png]
[edge-sample17.firstmall.kr/admin/skin/default/images/common/icon/nation/NAMIBIA.png]
[edge-sample17.firstmall.kr/admin/skin/default/images/common/icon/nation/NAURU.png]
[edge-sample17.firstmall.kr/admin/skin/default/images/common/icon/nation/NIGERIA.png]
[edge-sample17.firstmall.kr/admin/skin/default/images/common/icon/nation/REPUBIC OF SOUTH AFRICAN.png]
[edge-sample17.firstmall.kr/admin/skin/default/images/common/icon/nation/NETHERLANDS.png]
[edge-sample17.firstmall.kr/admin/skin/default/images/common/icon/nation/ANTILLES.png]
[edge-sample17.firstmall.kr/admin/skin/default/images/common/icon/nation/NEPAL.png]
[edge-sample17.firstmall.kr/admin/skin/default/images/common/icon/nation/NORWAY.png]
[edge-sample17.firstmall.kr/admin/skin/default/images/common/icon/nation/NORFOLK.png]
[edge-sample17.firstmall.kr/admin/skin/default/images/common/icon/nation/NEW ZEALAND.png]
[edge-sample17.firstmall.kr/admin/skin/default/images/common/icon/nation/NEW CALEDONIA.png]
[edge-sample17.firstmall.kr/admin/skin/default/images/common/icon/nation/NIEU.png]
[edge-sample17.firstmall.kr/admin/skin/default/images/common/icon/nation/NIGER.png]
[edge-sample17.firstmall.kr/admin/skin/default/images/common/icon/nation/NICARAGUA.png]
[edge-sample17.firstmall.kr/admin/skin/default/images/common/icon/nation/DENMARK.png]
[edge-sample17.firstmall.kr/admin/skin/default/images/common/icon/nation/DOMINICAN REPUBLIC.png]
[edge-sample17.firstmall.kr/admin/skin/default/images/common/icon/nation/DOMINICA.png]
[edge-sample17.firstmall.kr/admin/skin/default/images/common/icon/nation/GERMANY.png]
[edge-sample17.firstmall.kr/admin/skin/default/images/common/icon/nation/EAST TIMOR.png]
[edge-sample17.firstmall.kr/admin/skin/default/images/common/icon/nation/LAOS.png]
[edge-sample17.firstmall.kr/admin/skin/default/images/common/icon/nation/LIBERIA.png]
[edge-sample17.firstmall.kr/admin/skin/default/images/common/icon/nation/LATVIA.png]
[edge-sample17.firstmall.kr/admin/skin/default/images/common/icon/nation/RUSSIAN.png]
[edge-sample17.firstmall.kr/admin/skin/default/images/common/icon/nation/LEBANON.png]
[edge-sample17.firstmall.kr/admin/skin/default/images/common/icon/nation/LESOTHO.png]
[edge-sample17.firstmall.kr/admin/skin/default/images/common/icon/nation/REUNION.png]
[edge-sample17.firstmall.kr/admin/skin/default/images/common/icon/nation/ROMANIA.png]
[edge-sample17.firstmall.kr/admin/skin/default/images/common/icon/nation/LUXEMBOURG.png]
[edge-sample17.firstmall.kr/admin/skin/default/images/common/icon/nation/RWANDA.png]
[edge-sample17.firstmall.kr/admin/skin/default/images/common/icon/nation/LIBYAN JAMAHIRIYA.png]
[edge-sample17.firstmall.kr/admin/skin/default/images/common/icon/nation/LIECHTENSTEIN.png]
[edge-sample17.firstmall.kr/admin/skin/default/images/common/icon/nation/LITHUANIA.png]
[edge-sample17.firstmall.kr/admin/skin/default/images/common/icon/nation/MADAGASCAR.png]
[edge-sample17.firstmall.kr/admin/skin/default/images/common/icon/nation/MARTINIQUE.png]
[edge-sample17.firstmall.kr/admin/skin/default/images/common/icon/nation/MARSHALL.png]
[edge-sample17.firstmall.kr/admin/skin/default/images/common/icon/nation/MAYOTTE.png]
[edge-sample17.firstmall.kr/admin/skin/default/images/common/icon/nation/MACAO.png]
[edge-sample17.firstmall.kr/admin/skin/default/images/common/icon/nation/MACEDONIA.png]
[edge-sample17.firstmall.kr/admin/skin/default/images/common/icon/nation/MALAWI.png]
[edge-sample17.firstmall.kr/admin/skin/default/images/common/icon/nation/MALAYSIA.png]
[edge-sample17.firstmall.kr/admin/skin/default/images/common/icon/nation/MALI.png]
[edge-sample17.firstmall.kr/admin/skin/default/images/common/icon/nation/MEXICO.png]
[edge-sample17.firstmall.kr/admin/skin/default/images/common/icon/nation/MONACO.png]
[edge-sample17.firstmall.kr/admin/skin/default/images/common/icon/nation/MOROCCO.png]
[edge-sample17.firstmall.kr/admin/skin/default/images/common/icon/nation/MAURITIUS.png]
[edge-sample17.firstmall.kr/admin/skin/default/images/common/icon/nation/MAURITANIA.png]
[edge-sample17.firstmall.kr/admin/skin/default/images/common/icon/nation/MOZAMBIQUE.png]
[edge-sample17.firstmall.kr/admin/skin/default/images/common/icon/nation/Republic of Montenegro.png]
[edge-sample17.firstmall.kr/admin/skin/default/images/common/icon/nation/MOLDOVA.png]
[edge-sample17.firstmall.kr/admin/skin/default/images/common/icon/nation/MALDIVES.png]
[edge-sample17.firstmall.kr/admin/skin/default/images/common/icon/nation/MALTA.png]
[edge-sample17.firstmall.kr/admin/skin/default/images/common/icon/nation/MONGOLIA.png]
[edge-sample17.firstmall.kr/admin/skin/default/images/common/icon/nation/MONTSERRAT.png]
[edge-sample17.firstmall.kr/admin/skin/default/images/common/icon/nation/U.S.A.png]
[edge-sample17.firstmall.kr/admin/skin/default/images/common/icon/nation/MYANMAR.png]
[edge-sample17.firstmall.kr/admin/skin/default/images/common/icon/nation/MICRONESIA.png]
[edge-sample17.firstmall.kr/admin/skin/default/images/common/icon/nation/VANUATU.png]
[edge-sample17.firstmall.kr/admin/skin/default/images/common/icon/nation/BAHRAIN.png]
[edge-sample17.firstmall.kr/admin/skin/default/images/common/icon/nation/BARBADOS.png]
[edge-sample17.firstmall.kr/admin/skin/default/images/common/icon/nation/VATICAN.png]
[edge-sample17.firstmall.kr/admin/skin/default/images/common/icon/nation/BAHAMAS.png]
[edge-sample17.firstmall.kr/admin/skin/default/images/common/icon/nation/BANGLADESH.png]
[edge-sample17.firstmall.kr/admin/skin/default/images/common/icon/nation/BERMUDA.png]
[edge-sample17.firstmall.kr/admin/skin/default/images/common/icon/nation/VIRGIN U.S.A.png]
[edge-sample17.firstmall.kr/admin/skin/default/images/common/icon/nation/VIRGIN UNITED KINGDOM.png]
[edge-sample17.firstmall.kr/admin/skin/default/images/common/icon/nation/VENEZUELA.png]
[edge-sample17.firstmall.kr/admin/skin/default/images/common/icon/nation/BENIN.png]
[edge-sample17.firstmall.kr/admin/skin/default/images/common/icon/nation/VIET NAM.png]
[edge-sample17.firstmall.kr/admin/skin/default/images/common/icon/nation/BELGIUM.png]
[edge-sample17.firstmall.kr/admin/skin/default/images/common/icon/nation/BELARUS.png]
[edge-sample17.firstmall.kr/admin/skin/default/images/common/icon/nation/BELIZE.png]
[edge-sample17.firstmall.kr/admin/skin/default/images/common/icon/nation/Bosnia and Herzegovina.png]
[edge-sample17.firstmall.kr/admin/skin/default/images/common/icon/nation/BOTSWANA.png]
[edge-sample17.firstmall.kr/admin/skin/default/images/common/icon/nation/BOLIVIA.png]
[edge-sample17.firstmall.kr/admin/skin/default/images/common/icon/nation/BURUNDI.png]
[edge-sample17.firstmall.kr/admin/skin/default/images/common/icon/nation/BURKINA FASO.png]
[edge-sample17.firstmall.kr/admin/skin/default/images/common/icon/nation/BHUTAN.png]
[edge-sample17.firstmall.kr/admin/skin/default/images/common/icon/nation/BULGARIA.png]
[edge-sample17.firstmall.kr/admin/skin/default/images/common/icon/nation/BRAZIL.png]
[edge-sample17.firstmall.kr/admin/skin/default/images/common/icon/nation/BRUNEI DARUSSALAM.png]
[edge-sample17.firstmall.kr/admin/skin/default/images/common/icon/nation/WESTERN SAMOA.png]
[edge-sample17.firstmall.kr/admin/skin/default/images/common/icon/nation/SAMOA.png]
[edge-sample17.firstmall.kr/admin/skin/default/images/common/icon/nation/SAUDI ARABIA.png]
[edge-sample17.firstmall.kr/admin/skin/default/images/common/icon/nation/MARIANA ISLANDS.png]
[edge-sample17.firstmall.kr/admin/skin/default/images/common/icon/nation/CYPRUS.png]
[edge-sample17.firstmall.kr/admin/skin/default/images/common/icon/nation/SAN MARINO.png]
[edge-sample17.firstmall.kr/admin/skin/default/images/common/icon/nation/SAO TOME AND PRINCIPE.png]
[edge-sample17.firstmall.kr/admin/skin/default/images/common/icon/nation/SENEGAL.png]
[edge-sample17.firstmall.kr/admin/skin/default/images/common/icon/nation/SERBIA.png]
[edge-sample17.firstmall.kr/admin/skin/default/images/common/icon/nation/SEYCHELLES.png]
[edge-sample17.firstmall.kr/admin/skin/default/images/common/icon/nation/SAINT LUCIA.png]
[edge-sample17.firstmall.kr/admin/skin/default/images/common/icon/nation/SAINT VINCENT GRENADIN.png]
[edge-sample17.firstmall.kr/admin/skin/default/images/common/icon/nation/SAINT KITTS AND NEVIS.png]
[edge-sample17.firstmall.kr/admin/skin/default/images/common/icon/nation/SOMALIA.png]
[edge-sample17.firstmall.kr/admin/skin/default/images/common/icon/nation/SOLOMON ISLANDS.png]
[edge-sample17.firstmall.kr/admin/skin/default/images/common/icon/nation/SUDAN.png]
[edge-sample17.firstmall.kr/admin/skin/default/images/common/icon/nation/SURINAME.png]
[edge-sample17.firstmall.kr/admin/skin/default/images/common/icon/nation/SRI LANKA.png]
[edge-sample17.firstmall.kr/admin/skin/default/images/common/icon/nation/SWAZILAND.png]
[edge-sample17.firstmall.kr/admin/skin/default/images/common/icon/nation/SWEDEN.png]
[edge-sample17.firstmall.kr/admin/skin/default/images/common/icon/nation/SWITZERLAND.png]
[edge-sample17.firstmall.kr/admin/skin/default/images/common/icon/nation/SPAIN.png]
[edge-sample17.firstmall.kr/admin/skin/default/images/common/icon/nation/SLOVAKIA.png]
[edge-sample17.firstmall.kr/admin/skin/default/images/common/icon/nation/SLOVENIA.png]
[edge-sample17.firstmall.kr/admin/skin/default/images/common/icon/nation/SIERRA LEONE.png]
[edge-sample17.firstmall.kr/admin/skin/default/images/common/icon/nation/SINGAPORE.png]
[edge-sample17.firstmall.kr/admin/skin/default/images/common/icon/nation/ST PIER AND MIQUELON.png]
[edge-sample17.firstmall.kr/admin/skin/default/images/common/icon/nation/ARAB EMIRATES.png]
[edge-sample17.firstmall.kr/admin/skin/default/images/common/icon/nation/ARUBA.png]
[edge-sample17.firstmall.kr/admin/skin/default/images/common/icon/nation/ARMENIA.png]
[edge-sample17.firstmall.kr/admin/skin/default/images/common/icon/nation/ARGENTINA.png]
[edge-sample17.firstmall.kr/admin/skin/default/images/common/icon/nation/ASCENSION IS.png]
[edge-sample17.firstmall.kr/admin/skin/default/images/common/icon/nation/ICELAND.png]
[edge-sample17.firstmall.kr/admin/skin/default/images/common/icon/nation/HAITI.png]
[edge-sample17.firstmall.kr/admin/skin/default/images/common/icon/nation/IRELAND.png]
[edge-sample17.firstmall.kr/admin/skin/default/images/common/icon/nation/AZERBAIJAN.png]
[edge-sample17.firstmall.kr/admin/skin/default/images/common/icon/nation/AFGHANISTAN.png]
[edge-sample17.firstmall.kr/admin/skin/default/images/common/icon/nation/ANGUILIA.png]
[edge-sample17.firstmall.kr/admin/skin/default/images/common/icon/nation/ANDORRA.png]
[edge-sample17.firstmall.kr/admin/skin/default/images/common/icon/nation/ALBANIA.png]
[edge-sample17.firstmall.kr/admin/skin/default/images/common/icon/nation/ALGERIA.png]
[edge-sample17.firstmall.kr/admin/skin/default/images/common/icon/nation/ANGOLA.png]
[edge-sample17.firstmall.kr/admin/skin/default/images/common/icon/nation/ANTIGUA AND BARBUDA.png]
[edge-sample17.firstmall.kr/admin/skin/default/images/common/icon/nation/ERITREA.png]
[edge-sample17.firstmall.kr/admin/skin/default/images/common/icon/nation/ESTONIA.png]
[edge-sample17.firstmall.kr/admin/skin/default/images/common/icon/nation/ECUADOR.png]
[edge-sample17.firstmall.kr/admin/skin/default/images/common/icon/nation/ETHIOPIA.png]
[edge-sample17.firstmall.kr/admin/skin/default/images/common/icon/nation/EL SALVADOR.png]
[edge-sample17.firstmall.kr/admin/skin/default/images/common/icon/nation/UNITED KINGDOM.png]
[edge-sample17.firstmall.kr/admin/skin/default/images/common/icon/nation/YEMEN.png]
[edge-sample17.firstmall.kr/admin/skin/default/images/common/icon/nation/OMAN.png]
[edge-sample17.firstmall.kr/admin/skin/default/images/common/icon/nation/AUSTRALIA.png]
[edge-sample17.firstmall.kr/admin/skin/default/images/common/icon/nation/AUSTRIA.png]
[edge-sample17.firstmall.kr/admin/skin/default/images/common/icon/nation/HONDURAS.png]
[edge-sample17.firstmall.kr/admin/skin/default/images/common/icon/nation/WALLIS AND FUTUNA.png]
[edge-sample17.firstmall.kr/admin/skin/default/images/common/icon/nation/JORDAN.png]
[edge-sample17.firstmall.kr/admin/skin/default/images/common/icon/nation/UGANDA.png]
[edge-sample17.firstmall.kr/admin/skin/default/images/common/icon/nation/URUGUAY.png]
[edge-sample17.firstmall.kr/admin/skin/default/images/common/icon/nation/UZBEKISTAN.png]
[edge-sample17.firstmall.kr/admin/skin/default/images/common/icon/nation/UKRAINE.png]
[edge-sample17.firstmall.kr/admin/skin/default/images/common/icon/nation/IRAQ.png]
[edge-sample17.firstmall.kr/admin/skin/default/images/common/icon/nation/IRAN.png]
[edge-sample17.firstmall.kr/admin/skin/default/images/common/icon/nation/ISRAEL.png]
[edge-sample17.firstmall.kr/admin/skin/default/images/common/icon/nation/EGYPT.png]
[edge-sample17.firstmall.kr/admin/skin/default/images/common/icon/nation/ITALY.png]
[edge-sample17.firstmall.kr/admin/skin/default/images/common/icon/nation/INDIA.png]
[edge-sample17.firstmall.kr/admin/skin/default/images/common/icon/nation/INDONESIA.png]
[edge-sample17.firstmall.kr/admin/skin/default/images/common/icon/nation/JAPAN.png]
[edge-sample17.firstmall.kr/admin/skin/default/images/common/icon/nation/JAMAICA.png]
[edge-sample17.firstmall.kr/admin/skin/default/images/common/icon/nation/ZIMBABWE.png]
[edge-sample17.firstmall.kr/admin/skin/default/images/common/icon/nation/ZAMBIA.png]
[edge-sample17.firstmall.kr/admin/skin/default/images/common/icon/nation/EQUATORIAL GUINEA.png]
[edge-sample17.firstmall.kr/admin/skin/default/images/common/icon/nation/CHINA.png]
[edge-sample17.firstmall.kr/admin/skin/default/images/common/icon/nation/CENTRAL AFRICAN REP.png]
[edge-sample17.firstmall.kr/admin/skin/default/images/common/icon/nation/DJIBOUTI.png]
[edge-sample17.firstmall.kr/admin/skin/default/images/common/icon/nation/GIBRALTAR.png]
[edge-sample17.firstmall.kr/admin/skin/default/images/common/icon/nation/CHAD.png]
[edge-sample17.firstmall.kr/admin/skin/default/images/common/icon/nation/CZECH.png]
[edge-sample17.firstmall.kr/admin/skin/default/images/common/icon/nation/CHILE.png]
[edge-sample17.firstmall.kr/admin/skin/default/images/common/icon/nation/CANARY ISLANDS.png]
[edge-sample17.firstmall.kr/admin/skin/default/images/common/icon/nation/CAMEROON.png]
[edge-sample17.firstmall.kr/admin/skin/default/images/common/icon/nation/CAPE VERDE.png]
[edge-sample17.firstmall.kr/admin/skin/default/images/common/icon/nation/KAZAKHSTAN.png]
[edge-sample17.firstmall.kr/admin/skin/default/images/common/icon/nation/QATAR.png]
[edge-sample17.firstmall.kr/admin/skin/default/images/common/icon/nation/CAMBODIA.png]
[edge-sample17.firstmall.kr/admin/skin/default/images/common/icon/nation/CANADA.png]
[edge-sample17.firstmall.kr/admin/skin/default/images/common/icon/nation/KENYA.png]
[edge-sample17.firstmall.kr/admin/skin/default/images/common/icon/nation/CAYMAN.png]
[edge-sample17.firstmall.kr/admin/skin/default/images/common/icon/nation/COMOROS.png]
[edge-sample17.firstmall.kr/admin/skin/default/images/common/icon/nation/KOSOVO.png]
[edge-sample17.firstmall.kr/admin/skin/default/images/common/icon/nation/COSTA RICA.png]
[edge-sample17.firstmall.kr/admin/skin/default/images/common/icon/nation/COCOS.png]
[edge-sample17.firstmall.kr/admin/skin/default/images/common/icon/nation/COTE D`LVOIRE.png]
[edge-sample17.firstmall.kr/admin/skin/default/images/common/icon/nation/COLOMBIA.png]
[edge-sample17.firstmall.kr/admin/skin/default/images/common/icon/nation/CONGO.png]
[edge-sample17.firstmall.kr/admin/skin/default/images/common/icon/nation/Democratic REP of the Congo.png]
[edge-sample17.firstmall.kr/admin/skin/default/images/common/icon/nation/CUBA.png]
[edge-sample17.firstmall.kr/admin/skin/default/images/common/icon/nation/KUWAIT.png]
[edge-sample17.firstmall.kr/admin/skin/default/images/common/icon/nation/COOK ISLANDS.png]
[edge-sample17.firstmall.kr/admin/skin/default/images/common/icon/nation/CROATIA.png]
[edge-sample17.firstmall.kr/admin/skin/default/images/common/icon/nation/CHRISTMAS.png]
[edge-sample17.firstmall.kr/admin/skin/default/images/common/icon/nation/KYRGYZSTAN.png]
[edge-sample17.firstmall.kr/admin/skin/default/images/common/icon/nation/KIRIBATI.png]
[edge-sample17.firstmall.kr/admin/skin/default/images/common/icon/nation/TAIWAN.png]
[edge-sample17.firstmall.kr/admin/skin/default/images/common/icon/nation/TAJIKISTAN.png]
[edge-sample17.firstmall.kr/admin/skin/default/images/common/icon/nation/TANZANIA.png]
[edge-sample17.firstmall.kr/admin/skin/default/images/common/icon/nation/THAILAND.png]
[edge-sample17.firstmall.kr/admin/skin/default/images/common/icon/nation/TURKS.png]
[edge-sample17.firstmall.kr/admin/skin/default/images/common/icon/nation/TURKEY.png]
[edge-sample17.firstmall.kr/admin/skin/default/images/common/icon/nation/TOGO.png]
[edge-sample17.firstmall.kr/admin/skin/default/images/common/icon/nation/TOKELAU.png]
[edge-sample17.firstmall.kr/admin/skin/default/images/common/icon/nation/TONGA.png]
[edge-sample17.firstmall.kr/admin/skin/default/images/common/icon/nation/TURKMENISTAN.png]
[edge-sample17.firstmall.kr/admin/skin/default/images/common/icon/nation/TUVALU.png]
[edge-sample17.firstmall.kr/admin/skin/default/images/common/icon/nation/TUNISIA.png]
[edge-sample17.firstmall.kr/admin/skin/default/images/common/icon/nation/TRINIDAD AND TOBAGO.png]
[edge-sample17.firstmall.kr/admin/skin/default/images/common/icon/nation/PANAMA.png]
[edge-sample17.firstmall.kr/admin/skin/default/images/common/icon/nation/PARAGUAY.png]
[edge-sample17.firstmall.kr/admin/skin/default/images/common/icon/nation/PAKISTAN.png]
[edge-sample17.firstmall.kr/admin/skin/default/images/common/icon/nation/PAPUA NEW GUINEA.png]
[edge-sample17.firstmall.kr/admin/skin/default/images/common/icon/nation/PALAU ISLANDS.png]
[edge-sample17.firstmall.kr/admin/skin/default/images/common/icon/nation/FAROE ISLAND.png]
[edge-sample17.firstmall.kr/admin/skin/default/images/common/icon/nation/PERU.png]
[edge-sample17.firstmall.kr/admin/skin/default/images/common/icon/nation/PORTUGAL.png]
[edge-sample17.firstmall.kr/admin/skin/default/images/common/icon/nation/FALKLAND.png]
[edge-sample17.firstmall.kr/admin/skin/default/images/common/icon/nation/POLAND.png]
[edge-sample17.firstmall.kr/admin/skin/default/images/common/icon/nation/FRENCH POLYNESIA.png]
[edge-sample17.firstmall.kr/admin/skin/default/images/common/icon/nation/PUERTO RICO.png]
[edge-sample17.firstmall.kr/admin/skin/default/images/common/icon/nation/FRANCE.png]
[edge-sample17.firstmall.kr/admin/skin/default/images/common/icon/nation/FRANCE SOUTHERN.png]
[edge-sample17.firstmall.kr/admin/skin/default/images/common/icon/nation/FIJI.png]
[edge-sample17.firstmall.kr/admin/skin/default/images/common/icon/nation/PITCAIRN IS.png]
[edge-sample17.firstmall.kr/admin/skin/default/images/common/icon/nation/FINLAND.png]
[edge-sample17.firstmall.kr/admin/skin/default/images/common/icon/nation/PHILIPPINES.png]
[edge-sample17.firstmall.kr/admin/skin/default/images/common/icon/nation/HUNGARY.png]
[edge-sample17.firstmall.kr/admin/skin/default/images/common/icon/nation/HONG KONG.png]
[edge-sample17.firstmall.kr/prints/form_print_estimatebdba.html]
[edge-sample17.firstmall.kr/order/cart.html]
[edge-sample17.firstmall.kr/data/js/language/L10n_KRf509.js]
[edge-sample17.firstmall.kr/app/javascript/js/commonf509.js]
[edge-sample17.firstmall.kr/app/javascript/js/front-layoutf509.js]
[edge-sample17.firstmall.kr/app/javascript/js/goods-displayf509.js]
[edge-sample17.firstmall.kr/app/javascript/js/board-displayf509.js]
[edge-sample17.firstmall.kr/member/login0c75.html]
[edge-sample17.firstmall.kr/member/login3faa.html]
[edge-sample17.firstmall.kr/mypage/index.html]
[edge-sample17.firstmall.kr/data/js/language/L10n_KR6f32.js]
[edge-sample17.firstmall.kr/app/javascript/js/common6f32.js]
[edge-sample17.firstmall.kr/app/javascript/js/front-layout6f32.js]
[edge-sample17.firstmall.kr/app/javascript/js/goods-display6f32.js]
[edge-sample17.firstmall.kr/app/javascript/js/board-display6f32.js]
[edge-sample17.firstmall.kr/mypage/mygdqna_catalog.html]
[edge-sample17.firstmall.kr/board/index4fcb.html]
[edge-sample17.firstmall.kr/mypage/myqna_catalog.html]
[edge-sample17.firstmall.kr/board/index18d9.html]
[edge-sample17.firstmall.kr/board/viewa69f.html]
[edge-sample17.firstmall.kr/admin/skin/default/images/board/icon/icon_hot.gif]
[edge-sample17.firstmall.kr/board/viewb398.html]
[edge-sample17.firstmall.kr/board/view9b4a.html]
[edge-sample17.firstmall.kr/board/view58f6.html]
[edge-sample17.firstmall.kr/service/cs.html]
[edge-sample17.firstmall.kr/goods/catalog762d.html]
[edge-sample17.firstmall.kr/goods/catalog1741.html]
[edge-sample17.firstmall.kr/goods/cataloge7ff.html]
[edge-sample17.firstmall.kr/goods/catalog2e0a.html]
[edge-sample17.firstmall.kr/goods/catalog0f19.html]
[edge-sample17.firstmall.kr/goods/catalog6f78.html]
[edge-sample17.firstmall.kr/goods/catalog40e0.html]
[edge-sample17.firstmall.kr/goods/catalog3b70.html]
[edge-sample17.firstmall.kr/goods/catalogbda2.html]
[edge-sample17.firstmall.kr/goods/cataloga601.html]
[edge-sample17.firstmall.kr/goods/catalog0c73.html]
[edge-sample17.firstmall.kr/goods/catalog617e.html]
[edge-sample17.firstmall.kr/goods/catalog6b66.html]
[edge-sample17.firstmall.kr/goods/catalog3789.html]
[edge-sample17.firstmall.kr/goods/catalog62c2.html]
[edge-sample17.firstmall.kr/goods/catalog55bc.html]
[edge-sample17.firstmall.kr/goods/catalog0187.html]
[edge-sample17.firstmall.kr/goods/catalog483b.html]
[edge-sample17.firstmall.kr/goods/catalog2013.html]
[edge-sample17.firstmall.kr/board/indexd8b6.html]
[edge-sample17.firstmall.kr/admin/skin/default/images/design/banner/btn/btn1_prev.png]
[edge-sample17.firstmall.kr/admin/skin/default/images/design/banner/btn/btn1_prev_on.png]
[edge-sample17.firstmall.kr/admin/skin/default/images/design/banner/btn/btn1_next.png]
[edge-sample17.firstmall.kr/admin/skin/default/images/design/banner/btn/btn1_next_on.png]
[edge-sample17.firstmall.kr/admin/skin/default/images/design/banner/btn/btn2_prev.png]
[edge-sample17.firstmall.kr/admin/skin/default/images/design/banner/btn/btn2_prev_on.png]
[edge-sample17.firstmall.kr/admin/skin/default/images/design/banner/btn/btn2_next.png]
[edge-sample17.firstmall.kr/admin/skin/default/images/design/banner/btn/btn2_next_on.png]
[edge-sample17.firstmall.kr/admin/skin/default/images/design/banner/btn/btn3_prev.png]
[edge-sample17.firstmall.kr/admin/skin/default/images/design/banner/btn/btn3_prev_on.png]
[edge-sample17.firstmall.kr/admin/skin/default/images/design/banner/btn/btn3_next.png]
[edge-sample17.firstmall.kr/admin/skin/default/images/design/banner/btn/btn3_next_on.png]
[edge-sample17.firstmall.kr/admin/skin/default/images/design/banner/btn/btn4_prev.png]
[edge-sample17.firstmall.kr/admin/skin/default/images/design/banner/btn/btn4_prev_on.png]
[edge-sample17.firstmall.kr/admin/skin/default/images/design/banner/btn/btn4_next.png]
[edge-sample17.firstmall.kr/admin/skin/default/images/design/banner/btn/btn4_next_on.png]
[edge-sample17.firstmall.kr/admin/skin/default/images/design/banner/paging/navi_dot.png]
[edge-sample17.firstmall.kr/admin/skin/default/images/design/banner/paging/navi_dot_on.png]
[edge-sample17.firstmall.kr/admin/skin/default/images/design/banner/paging/navi_squ.png]
[edge-sample17.firstmall.kr/admin/skin/default/images/design/banner/paging/navi_squ_on.png]
[edge-sample17.firstmall.kr/admin/skin/default/images/design/banner/paging/navi_btn_prev.png]
[edge-sample17.firstmall.kr/admin/skin/default/images/design/banner/paging/navi_btn_next.png]
[edge-sample17.firstmall.kr/admin/skin/default/images/design/banner/paging/navi_btn2_bg.png]
[edge-sample17.firstmall.kr/admin/skin/default/images/design/banner/paging/navi_btn2_prev.png]
[edge-sample17.firstmall.kr/admin/skin/default/images/design/banner/paging/navi_btn2_next.png]
[edge-sample17.firstmall.kr/app/javascript/plugin/anibanner/anibanner.css]
[edge-sample17.firstmall.kr/goods/view3a80.html]
[edge-sample17.firstmall.kr/goods/viewa74b.html]
[edge-sample17.firstmall.kr/goods/view96e3.html]
[edge-sample17.firstmall.kr/goods/view775e.html]
[edge-sample17.firstmall.kr/goods/viewb229.html]
[edge-sample17.firstmall.kr/goods/view46cb.html]
[edge-sample17.firstmall.kr/goods/viewa250.html]
[edge-sample17.firstmall.kr/goods/view0d87.html]
[edge-sample17.firstmall.kr/goods/viewc040.html]
[edge-sample17.firstmall.kr/goods/view3ecc.html]
[edge-sample17.firstmall.kr/goods/view4ed1.html]
[edge-sample17.firstmall.kr/goods/view0b76.html]
[edge-sample17.firstmall.kr/goods/view29ff.html]
[edge-sample17.firstmall.kr/goods/viewd748.html]
[edge-sample17.firstmall.kr/data/js/language/L10n_KR6724.js]
[edge-sample17.firstmall.kr/app/javascript/js/common6724.js]
[edge-sample17.firstmall.kr/app/javascript/js/front-layout6724.js]
[edge-sample17.firstmall.kr/app/javascript/js/goods-display6724.js]
[edge-sample17.firstmall.kr/app/javascript/js/board-display6724.js]
[edge-sample17.firstmall.kr/main/index-2.html]
[edge-sample17.firstmall.kr/data/skin/fruit_puro_gls/images/design/fruits_bg.jpg]
[edge-sample17.firstmall.kr/data/js/language/L10n_KR599e.js]
[edge-sample17.firstmall.kr/app/javascript/js/common599e.js]
[edge-sample17.firstmall.kr/app/javascript/js/front-layout599e.js]
[edge-sample17.firstmall.kr/app/javascript/js/goods-display599e.js]
[edge-sample17.firstmall.kr/app/javascript/js/board-display599e.js]
[edge-sample17.firstmall.kr/service/company.html]
[edge-sample17.firstmall.kr/service/agreement.html]
[edge-sample17.firstmall.kr/service/privacy.html]
[edge-sample17.firstmall.kr/data/js/language/L10n_KR4276.js]
[edge-sample17.firstmall.kr/app/javascript/js/common4276.js]
[edge-sample17.firstmall.kr/app/javascript/js/front-layout4276.js]
[edge-sample17.firstmall.kr/app/javascript/js/goods-display4276.js]
[edge-sample17.firstmall.kr/app/javascript/js/board-display4276.js]
[edge-sample17.firstmall.kr/service/guide.html]
[edge-sample17.firstmall.kr/mypage/index-2.html]
[edge-sample17.firstmall.kr/service/partnership.html]
[edge-sample17.firstmall.kr/board/indexffe2.html]
[edge-sample17.firstmall.kr/board/indexff36.html]
[edge-sample17.firstmall.kr/main/blank.html]
[fonts.googleapis.com/earlyaccess/nanumgothic.css]
[edge-sample17.firstmall.kr/data/skin/fruit_puro_gls/css/jqueryui/black-tie/images/ui-bg_highlight-hard_100_f9f9f9_1x100.png]
[edge-sample17.firstmall.kr/data/skin/fruit_puro_gls/css/jqueryui/black-tie/images/ui-bg_diagonals-thick_8_333333_40x40.png]
[edge-sample17.firstmall.kr/data/skin/fruit_puro_gls/css/jqueryui/black-tie/images/ui-bg_glass_40_111111_1x400.png]
[edge-sample17.firstmall.kr/data/skin/fruit_puro_gls/css/jqueryui/black-tie/images/ui-bg_glass_55_1c1c1c_1x400.png]
[edge-sample17.firstmall.kr/data/skin/fruit_puro_gls/css/jqueryui/black-tie/images/ui-bg_flat_65_ffffff_40x100.png]
[edge-sample17.firstmall.kr/data/skin/fruit_puro_gls/css/jqueryui/black-tie/images/ui-bg_inset-hard_55_ffeb80_1x100.png]
[edge-sample17.firstmall.kr/data/skin/fruit_puro_gls/css/jqueryui/black-tie/images/ui-bg_inset-hard_45_cd0a0a_1x100.png]
[edge-sample17.firstmall.kr/data/skin/fruit_puro_gls/css/jqueryui/black-tie/images/ui-icons_222222_256x240.png]
[edge-sample17.firstmall.kr/data/skin/fruit_puro_gls/css/jqueryui/black-tie/images/ui-icons_bbbbbb_256x240.png]
[edge-sample17.firstmall.kr/data/skin/fruit_puro_gls/css/jqueryui/black-tie/images/ui-icons_ededed_256x240.png]
[edge-sample17.firstmall.kr/data/skin/fruit_puro_gls/css/jqueryui/black-tie/images/ui-icons_ffffff_256x240.png]
[edge-sample17.firstmall.kr/data/skin/fruit_puro_gls/css/jqueryui/black-tie/images/ui-icons_4ca300_256x240.png]
[edge-sample17.firstmall.kr/data/skin/fruit_puro_gls/css/jqueryui/black-tie/images/ui-icons_ffcf29_256x240.png]
[edge-sample17.firstmall.kr/data/skin/fruit_puro_gls/css/jqueryui/black-tie/images/ui-bg_highlight-soft_50_aaaaaa_1x100.png]
[edge-sample17.firstmall.kr/data/skin/fruit_puro_gls/css/jqueryui/black-tie/images/btn_close_popup.gif]
[edge-sample17.firstmall.kr/data/skin/fruit_puro_gls/css/jqueryui/black-tie/jquery-ui-1.8.16.custom.css]
[edge-sample17.firstmall.kr/data/skin/fruit_puro_gls/images/common/select_arrow.png]
[edge-sample17.firstmall.kr/data/skin/fruit_puro_gls/images/common/icon_ord_emn.gif]
[edge-sample17.firstmall.kr/data/skin/fruit_puro_gls/images/common/icon_ord_point.gif]
[edge-sample17.firstmall.kr/data/skin/fruit_puro_gls/images/common/icon_order_gift.gif]
[edge-sample17.firstmall.kr/data/skin/fruit_puro_gls/css/common.css]
[edge-sample17.firstmall.kr/data/skin/fruit_puro_gls/images/common/nav_line.png]
[edge-sample17.firstmall.kr/data/brand_country/kr.png]
[edge-sample17.firstmall.kr/data/brand_country/jp.png]
[edge-sample17.firstmall.kr/data/brand_country/cn.png]
[edge-sample17.firstmall.kr/data/brand_country/us.png]
[edge-sample17.firstmall.kr/admin/skin/default/images/common/new_arrow.png]
[edge-sample17.firstmall.kr/data/skin/fruit_puro_gls/images/common/depth_home.png]
[edge-sample17.firstmall.kr/data/skin/fruit_puro_gls/images/common/depth_list.png]
[edge-sample17.firstmall.kr/data/skin/fruit_puro_gls/images/common/ico_top_arrow.png]
[edge-sample17.firstmall.kr/data/skin/fruit_puro_gls/images/common/bullet_dot.gif]
[edge-sample17.firstmall.kr/data/skin/fruit_puro_gls/images/common/ico_left_arrow.png]
[edge-sample17.firstmall.kr/data/skin/fruit_puro_gls/images/common/brand_img.gif]
[edge-sample17.firstmall.kr/data/icon/goodsdisplay/preview/quick_opt_arr.png]
[edge-sample17.firstmall.kr/data/icon/goodsdisplay/preview/quick_opt_close.png]
[edge-sample17.firstmall.kr/data/skin/fruit_puro_gls/images/common/btn_detail_more.png]
[edge-sample17.firstmall.kr/data/skin/fruit_puro_gls/css/layout.css]
[edge-sample17.firstmall.kr/data/skin/fruit_puro_gls/images/common/bg_detail_tab.png]
[edge-sample17.firstmall.kr/data/skin/fruit_puro_gls/images/common/icon_check_join.gif]
[edge-sample17.firstmall.kr/data/skin/fruit_puro_gls/images/common/bg_icon.png]
[edge-sample17.firstmall.kr/data/skin/fruit_puro_gls/images/common/btn_close_dsp.gif]
[edge-sample17.firstmall.kr/data/skin/fruit_puro_gls/images/common/btn_view_detail.gif]
[edge-sample17.firstmall.kr/data/skin/fruit_puro_gls/images/common/btn_close.gif]
[edge-sample17.firstmall.kr/data/skin/fruit_puro_gls/images/common/ico_detail_list.png]
[edge-sample17.firstmall.kr/data/skin/fruit_puro_gls/images/common/img_pickup.png]
[edge-sample17.firstmall.kr/data/skin/fruit_puro_gls/images/common/btn_detail_close.png]
[edge-sample17.firstmall.kr/data/skin/fruit_puro_gls/images/common/btn_detail_more2.png]
[edge-sample17.firstmall.kr/data/skin/fruit_puro_gls/images/common/select-icons.png]
[edge-sample17.firstmall.kr/data/skin/fruit_puro_gls/images/common/order_step_arrow.png]
[edge-sample17.firstmall.kr/data/skin/fruit_puro_gls/images/common/list_type_a.gif]
[edge-sample17.firstmall.kr/data/skin/fruit_puro_gls/images/common/list_type_a_on.gif]
[edge-sample17.firstmall.kr/data/skin/fruit_puro_gls/images/common/list_type_b.gif]
[edge-sample17.firstmall.kr/data/skin/fruit_puro_gls/images/common/list_type_b_on.gif]
[edge-sample17.firstmall.kr/data/skin/fruit_puro_gls/images/common/list_type_c.gif]
[edge-sample17.firstmall.kr/data/skin/fruit_puro_gls/images/common/list_type_c_on.gif]
[edge-sample17.firstmall.kr/data/skin/fruit_puro_gls/images/common/thumb_play.png]
[edge-sample17.firstmall.kr/data/skin/fruit_puro_gls/images/board/cmt_bg_dot.gif]
[edge-sample17.firstmall.kr/data/skin/fruit_puro_gls/images/common/order_settle_line.png]
[edge-sample17.firstmall.kr/data/skin/fruit_puro_gls/images/common/new_arrow.png]
[edge-sample17.firstmall.kr/data/skin/fruit_puro_gls/images/common/bg_settle.png]
[edge-sample17.firstmall.kr/data/skin/fruit_puro_gls/images/common/ico_list.png]
[edge-sample17.firstmall.kr/data/skin/fruit_puro_gls/images/common/ico_list2.png]
[edge-sample17.firstmall.kr/data/skin/fruit_puro_gls/images/common/btn_zoom.png]
[edge-sample17.firstmall.kr/data/skin/fruit_puro_gls/images/design/coupon_bg.gif]
[edge-sample17.firstmall.kr/app/javascript/plugin/images/pagination.png]
[edge-sample17.firstmall.kr/data/skin/fruit_puro_gls/images/common/social_bg_daym.png]
[edge-sample17.firstmall.kr/data/skin/fruit_puro_gls/images/common/social_bg_timem.png]
[edge-sample17.firstmall.kr/data/skin/fruit_puro_gls/images/common/bigdata_top_bg.png]
[edge-sample17.firstmall.kr/data/skin/fruit_puro_gls/images/common/btn_search.gif]
[edge-sample17.firstmall.kr/data/skin/fruit_puro_gls/css/contents.css]
[edge-sample17.firstmall.kr/data/skin/images/design/tbl_th_bg.gif]
[edge-sample17.firstmall.kr/_var/simbol/0.html]
[edge-sample17.firstmall.kr/data/images/design/tbl_th_bg.gif]
[edge-sample17.firstmall.kr/data/skin/fruit_puro_gls/images/common/th_bg_popup.gif]
[edge-sample17.firstmall.kr/data/skin/fruit_puro_gls/css/board.css]
[edge-sample17.firstmall.kr/admin/skin/default/images/common/btnBg.png]
[edge-sample17.firstmall.kr/data/skin/fruit_puro_gls/images/common/icon_plus.gif]
[edge-sample17.firstmall.kr/data/skin/fruit_puro_gls/images/common/icon_minus.gif]
[edge-sample17.firstmall.kr/data/skin/fruit_puro_gls/images/common/btn_plus.gif]
[edge-sample17.firstmall.kr/data/skin/fruit_puro_gls/images/common/btn_minus.gif]
[edge-sample17.firstmall.kr/data/skin/fruit_puro_gls/images/common/btn_arrow_l.gif]
[edge-sample17.firstmall.kr/data/skin/fruit_puro_gls/images/common/btn_arrow_r.gif]
[edge-sample17.firstmall.kr/data/skin/fruit_puro_gls/images/common/icon_check.gif]
[edge-sample17.firstmall.kr/data/skin/fruit_puro_gls/images/common/select_bg_back.png]
[edge-sample17.firstmall.kr/data/skin/fruit_puro_gls/images/common/btn_ps_bg.gif]
[edge-sample17.firstmall.kr/data/skin/fruit_puro_gls/css/buttons.css]
[edge-sample17.firstmall.kr/data/skin/fruit_puro_gls/images/design/ico_top_arrow.png]
[edge-sample17.firstmall.kr/data/skin/fruit_puro_gls/images/design/btn_close_full.png]
[edge-sample17.firstmall.kr/data/skin/fruit_puro_gls/images/design/band_btn_open.png]
[edge-sample17.firstmall.kr/data/skin/fruit_puro_gls/images/design/tab_arr.png]
[edge-sample17.firstmall.kr/data/skin/fruit_puro_gls/css/user.css]
[edge-sample17.firstmall.kr/data/js/language/L10n_KR4fc0.js]
[edge-sample17.firstmall.kr/app/javascript/js/common4fc0.js]
[edge-sample17.firstmall.kr/app/javascript/js/front-layout4fc0.js]
[edge-sample17.firstmall.kr/app/javascript/js/goods-display4fc0.js]
[edge-sample17.firstmall.kr/app/javascript/js/board-display4fc0.js]
[edge-sample17.firstmall.kr/admin/captcha/securimage_show3b62.png]
[edge-sample17.firstmall.kr/admin/skin/default/images/captcha/admin_refresh.gif]
[edge-sample17.firstmall.kr/member/login6bc3.html]
[edge-sample17.firstmall.kr/admin/captcha/securimage_show7335.png]
[edge-sample17.firstmall.kr/member/find.html]
[edge-sample17.firstmall.kr/member/login0b96.html]
[edge-sample17.firstmall.kr/mypage/myinfo.html]
[edge-sample17.firstmall.kr/app/javascript/js/common.js]
[edge-sample17.firstmall.kr/sns_process/snsredirecturl2a19.html]
[edge-sample17.firstmall.kr/data/icon/favicon/m_icon1469592327.21f.delayed]
[edge-sample17.firstmall.kr/prints/form_print_estimatebdba.html]
[edge-sample17.firstmall.kr/data/js/language/L10n_KR951d.js]
[edge-sample17.firstmall.kr/app/javascript/js/common951d.js]
[edge-sample17.firstmall.kr/app/javascript/js/front-layout951d.js]
[edge-sample17.firstmall.kr/app/javascript/js/goods-display951d.js]
[edge-sample17.firstmall.kr/app/javascript/js/board-display951d.js]
[edge-sample17.firstmall.kr/member/login3faa.html]
[edge-sample17.firstmall.kr/board/index4fcb.html]
[edge-sample17.firstmall.kr/board/index18d9.html]
[edge-sample17.firstmall.kr/member/loginc28e.html]
[edge-sample17.firstmall.kr/mypage/mygdqna_catalog.html]
[edge-sample17.firstmall.kr/member/login8106.html]
[edge-sample17.firstmall.kr/mypage/myqna_catalog.html]
[edge-sample17.firstmall.kr/board/viewa69f.html]
[edge-sample17.firstmall.kr/board/viewb398.html]
[edge-sample17.firstmall.kr/board/view9b4a.html]
[edge-sample17.firstmall.kr/board/view58f6.html]
[edge-sample17.firstmall.kr/member/login20be.html]
[edge-sample17.firstmall.kr/mypage/index-2.html]
[edge-sample17.firstmall.kr/data/skin/images/design/tbl_th_bg.html]
[edge-sample17.firstmall.kr/data/skin/fruit_puro_gls/errdoc/images/pc_img_404.gif]
[edge-sample17.firstmall.kr/data/skin/fruit_puro_gls/errdoc/images/m_img_404.gif]
[edge-sample17.firstmall.kr/_var/simbol/0.html]
[edge-sample17.firstmall.kr/data/images/design/tbl_th_bg.html]
[edge-sample17.firstmall.kr/data/skin/fruit_puro_gls/images/common/th_bg_popup.html]
[edge-sample17.firstmall.kr/data/skin/fruit_puro_gls/images/common/select_bg_back.html]
[edge-sample17.firstmall.kr/data/skin/fruit_puro_gls/images/design/tab_arr.html]
[edge-sample17.firstmall.kr/data/js/language/L10n_KRe226.js]
[edge-sample17.firstmall.kr/app/javascript/js/commone226.js]
[edge-sample17.firstmall.kr/app/javascript/js/front-layoute226.js]
[edge-sample17.firstmall.kr/app/javascript/js/goods-displaye226.js]
[edge-sample17.firstmall.kr/app/javascript/js/board-displaye226.js]
[edge-sample17.firstmall.kr/main.html]
[edge-sample17.firstmall.kr/member/login6bc3.html]
[edge-sample17.firstmall.kr/data/js/language/L10n_KR5df7.js]
[edge-sample17.firstmall.kr/app/javascript/js/common5df7.js]
[edge-sample17.firstmall.kr/app/javascript/js/front-layout5df7.js]
[edge-sample17.firstmall.kr/app/javascript/js/goods-display5df7.js]
[edge-sample17.firstmall.kr/app/javascript/js/board-display5df7.js]
[edge-sample17.firstmall.kr/member/login0b96.html]
[edge-sample17.firstmall.kr/data/icon/favicon/m_icon1469592327.html]
[edge-sample17.firstmall.kr/data/js/language/L10n_KR4269.js]
[edge-sample17.firstmall.kr/app/javascript/js/common4269.js]
[edge-sample17.firstmall.kr/app/javascript/js/front-layout4269.js]
[edge-sample17.firstmall.kr/app/javascript/js/goods-display4269.js]
[edge-sample17.firstmall.kr/app/javascript/js/board-display4269.js]
[edge-sample17.firstmall.kr/member/loginc28e.html]
[edge-sample17.firstmall.kr/data/js/language/L10n_KR3be1.js]
[edge-sample17.firstmall.kr/app/javascript/js/common3be1.js]
[edge-sample17.firstmall.kr/app/javascript/js/front-layout3be1.js]
[edge-sample17.firstmall.kr/app/javascript/js/goods-display3be1.js]
[edge-sample17.firstmall.kr/app/javascript/js/board-display3be1.js]
[edge-sample17.firstmall.kr/member/login8106.html]
[edge-sample17.firstmall.kr/data/js/language/L10n_KRff49.js]
[edge-sample17.firstmall.kr/app/javascript/js/commonff49.js]
[edge-sample17.firstmall.kr/app/javascript/js/front-layoutff49.js]
[edge-sample17.firstmall.kr/app/javascript/js/goods-displayff49.js]
[edge-sample17.firstmall.kr/app/javascript/js/board-displayff49.js]
[edge-sample17.firstmall.kr/member/login20be.html]
[edge-sample17.firstmall.kr/data/js/language/L10n_KR0c73.js]
[edge-sample17.firstmall.kr/app/javascript/js/common0c73.js]
[edge-sample17.firstmall.kr/app/javascript/js/front-layout0c73.js]
[edge-sample17.firstmall.kr/app/javascript/js/goods-display0c73.js]
[edge-sample17.firstmall.kr/app/javascript/js/board-display0c73.js]
[edge-sample17.firstmall.kr/main.html]
